(program (line (comment # Programa que lee los elementos la cinta de entrada hasta)) \n (line (comment # que encuentre un 0 y copia los valores leídos a la cinta)) \n (line (comment # de salida (el valor 0 no se copia))) \n\n (line (label_definition lee : (instruction read (argument (direct 1))))) \n (line (instruction load (argument (direct 1)))) \n (line (instruction jzero (argument (label fin)))) \n (line (instruction write (argument (direct 1)))) \n (line (instruction jump (argument (label lee)))) \n (line (label_definition fin : (instruction halt))) \n <EOF>)
