(program (line (comment # Programa que lee los elementos la cinta de entrada hasta)) \n (line (comment # que encuentre un 0 y escribe el doble del valor leído a la)) \n (line (comment # cinta de salida (el valor 0 no se copia))) \n\n (line (label_definition bucle : (instruction READ (argument (direct 1))))) \n (line (instruction LOAD (argument (direct 1)))) \n (line (instruction JZERO (argument (label fin)))) \n (line (instruction LOAD (argument (direct 1)))) \n (line (instruction MUL (argument (immediate = 2)))) \n (line (instruction STORE (argument (direct 1)))) \n (line (instruction WRITE (argument (direct 1)))) \n (line (instruction JUMP (argument (label bucle)))) \n (line (label_definition fin : (instruction HALT))) \n <EOF>)
