(program (line (comment # Programa con una instrucción ilegal (STORE =2))) \n (line (comment # Debe producir un error en la ejecución)) \n\n (line (instruction LOAD (argument (immediate = 3)))) \n (line (instruction STORE (argument (direct 1)))) \n (line (instruction ADD (argument (immediate = 2)))) \n (line (instruction STORE (argument (immediate = 2)))) \n (line (instruction WRITE (argument (direct 1)))) \n (line (instruction WRITE (argument (direct 2)))) \n (line (instruction HALT)) \n <EOF>)
