(program (line (comment # Programa que lee los elementos la cinta de entrada hasta)) \n (line (comment # que encuentre un 0 y escribe la suma de todos los elementos)) \n (line (comment # leídos a la cinta de salida)) \n\n (line (instruction READ (argument (direct 1)))) \n (line (instruction LOAD (argument (immediate = 0)))) \n (line (instruction STORE (argument (direct 2)))) \n (line (label_definition bucle : (instruction LOAD (argument (direct 1))))) \n (line (instruction JZERO (argument (label fin)))) \n (line (instruction LOAD (argument (direct 2)))) \n (line (instruction ADD (argument (direct 1)))) \n (line (instruction STORE (argument (direct 2)))) \n (line (instruction READ (argument (direct 1)))) \n (line (instruction JUMP (argument (label bucle)))) \n (line (label_definition fin : (instruction WRITE (argument (direct 2))))) \n (line (instruction HALT)) \n <EOF>)
